2026-02-07T23:41:07Z add
2026-02-07T23:41:07Z add
2026-02-07T23:41:07Z add
2026-02-07T23:41:07Z add
2026-02-07T23:41:07Z add
2026-02-07T23:41:07Z add
2026-02-07T23:41:07Z add
2026-02-07T23:41:07Z add
2026-02-07T23:41:07Z add
2026-02-07T23:41:07Z add
2026-02-07T23:41:13Z claim
2026-02-07T23:41:13Z claim
2026-02-07T23:42:25Z done
2026-02-07T23:42:25Z log
2026-02-07T23:46:55Z done
2026-02-07T23:46:55Z done
2026-02-07T23:46:55Z done
2026-02-07T23:46:55Z done
2026-02-07T23:46:55Z done
2026-02-07T23:46:55Z log
2026-02-07T23:50:56Z status
2026-02-07T23:51:03Z list
2026-02-07T23:51:09Z done
2026-02-07T23:51:09Z done
2026-02-07T23:51:09Z done
2026-02-07T23:51:09Z done
2026-02-07T23:55:55Z add
2026-02-07T23:56:12Z add
2026-02-07T23:56:12Z add
2026-02-07T23:56:12Z add
2026-02-07T23:56:12Z add
2026-02-07T23:56:33Z claim
2026-02-07T23:56:33Z claim
2026-02-07T23:56:33Z claim
2026-02-08T00:00:32Z done
2026-02-08T00:00:32Z done
2026-02-08T00:00:32Z done
2026-02-08T00:00:32Z done
2026-02-08T00:00:32Z done
2026-02-08T00:00:38Z add
2026-02-08T00:00:38Z add
2026-02-08T00:00:38Z add
2026-02-08T00:00:38Z add
2026-02-08T00:00:38Z add
2026-02-08T00:00:45Z claim
2026-02-08T00:00:48Z list
2026-02-08T00:00:51Z claim
2026-02-08T00:00:51Z claim
2026-02-08T00:00:51Z claim
2026-02-08T00:00:51Z claim
2026-02-08T00:11:39Z done
2026-02-08T00:11:39Z done
2026-02-08T00:11:39Z done
2026-02-08T00:11:39Z done
2026-02-08T00:11:39Z done
2026-02-08T00:11:45Z add
2026-02-08T00:11:45Z add
2026-02-08T00:11:45Z add
2026-02-08T00:11:45Z add
2026-02-08T00:11:45Z add
2026-02-08T00:11:45Z add
2026-02-08T00:12:06Z claim
2026-02-08T00:12:06Z claim
2026-02-08T00:12:06Z claim
2026-02-08T00:12:06Z claim
2026-02-08T00:12:06Z claim
2026-02-08T00:18:25Z done
2026-02-08T00:18:25Z done
2026-02-08T00:18:25Z done
2026-02-08T00:18:25Z done
2026-02-08T00:18:25Z done
2026-02-08T00:18:25Z done
2026-02-08T00:18:46Z add
2026-02-08T00:18:46Z add
2026-02-08T00:18:46Z add
2026-02-08T00:18:46Z add
2026-02-08T00:18:46Z add
2026-02-08T00:18:46Z add
2026-02-08T00:19:07Z claim
2026-02-08T00:19:07Z claim
2026-02-08T00:19:07Z claim
2026-02-08T00:19:07Z claim
2026-02-08T00:19:07Z claim
2026-02-08T00:29:52Z done
2026-02-08T00:29:52Z done
2026-02-08T00:29:52Z done
2026-02-08T00:29:52Z done
2026-02-08T00:29:52Z done
2026-02-08T00:29:52Z done
2026-02-08T00:29:57Z add
2026-02-08T00:29:57Z add
2026-02-08T00:29:57Z add
2026-02-08T00:29:57Z add
2026-02-08T00:30:03Z claim
2026-02-08T00:30:03Z claim
2026-02-08T00:30:03Z claim
2026-02-08T00:34:04Z done
2026-02-08T00:34:04Z done
2026-02-08T00:34:04Z done
2026-02-08T00:34:04Z done
2026-02-08T00:38:51Z add
2026-02-08T00:38:51Z add
2026-02-08T00:38:51Z add
2026-02-08T00:38:51Z add
2026-02-08T00:39:00Z claim
2026-02-08T00:39:00Z claim
2026-02-08T00:39:00Z claim
2026-02-08T00:42:35Z done
2026-02-08T00:42:35Z done
2026-02-08T00:42:35Z done
2026-02-08T00:42:35Z done
2026-02-08T00:42:50Z add
2026-02-08T00:42:50Z add
2026-02-08T00:42:50Z add
2026-02-08T00:42:50Z add
2026-02-08T00:42:50Z add
2026-02-08T00:42:50Z add
2026-02-08T00:43:14Z claim
2026-02-08T00:43:14Z claim
2026-02-08T00:43:14Z claim
2026-02-08T00:43:14Z claim
2026-02-08T00:43:14Z claim
2026-02-08T00:52:25Z list
2026-02-08T00:52:44Z done
2026-02-08T00:52:44Z done
2026-02-08T00:52:44Z done
2026-02-08T00:52:44Z done
2026-02-08T00:52:44Z done
2026-02-08T00:52:44Z done
2026-02-08T00:52:56Z add
2026-02-08T00:52:56Z add
2026-02-08T00:52:56Z add
2026-02-08T00:52:56Z add
2026-02-08T00:52:56Z add
2026-02-08T00:52:56Z add
2026-02-08T00:52:56Z add
2026-02-08T00:54:04Z claim
2026-02-08T00:54:04Z claim
2026-02-08T00:54:04Z claim
2026-02-08T00:54:04Z claim
2026-02-08T01:00:48Z done
2026-02-08T01:00:48Z done
2026-02-08T01:00:48Z done
2026-02-08T01:00:48Z done
2026-02-08T01:01:21Z claim
2026-02-08T01:01:21Z claim
2026-02-08T01:10:33Z done
2026-02-08T01:10:33Z done
2026-02-08T01:10:33Z done
2026-02-08T01:10:44Z add
2026-02-08T01:10:44Z add
2026-02-08T01:10:44Z add
2026-02-08T01:10:44Z add
2026-02-08T01:10:44Z add
2026-02-08T01:10:44Z add
2026-02-08T01:10:44Z add
2026-02-08T01:10:44Z add
2026-02-08T01:11:34Z claim
2026-02-08T01:11:34Z claim
2026-02-08T01:11:34Z claim
2026-02-08T01:11:38Z list
2026-02-08T01:11:43Z claim
2026-02-08T01:11:43Z claim
2026-02-08T01:58:23Z status
2026-02-08T01:58:26Z list
2026-02-08T01:58:27Z list
2026-02-08T01:58:29Z list
2026-02-08T01:58:31Z list
2026-02-08T01:59:02Z show
2026-02-08T01:59:03Z show
2026-02-08T01:59:03Z show
2026-02-08T01:59:04Z show
2026-02-08T01:59:11Z show
2026-02-08T01:59:11Z show
2026-02-08T01:59:11Z show
2026-02-08T01:59:11Z show
2026-02-08T01:59:48Z done
2026-02-08T01:59:48Z done
2026-02-08T01:59:48Z done
2026-02-08T01:59:48Z done
2026-02-08T02:00:05Z claim
2026-02-08T02:00:05Z claim
2026-02-08T02:00:05Z claim
2026-02-08T02:04:02Z done
2026-02-08T02:04:02Z done
2026-02-08T02:04:02Z done
2026-02-08T02:04:02Z done
2026-02-08T02:04:05Z status
2026-02-08T02:16:03Z add
2026-02-08T02:16:03Z add
2026-02-08T02:16:03Z add
2026-02-08T02:16:04Z add
2026-02-08T02:16:04Z add
2026-02-08T02:16:04Z add
2026-02-08T02:16:04Z add
2026-02-08T02:16:07Z claim
2026-02-08T02:16:07Z claim
2026-02-08T02:16:07Z claim
2026-02-08T02:16:07Z claim
2026-02-08T02:16:07Z claim
2026-02-08T02:16:07Z claim
2026-02-08T02:16:07Z claim
2026-02-08T02:22:55Z list
2026-02-08T02:22:57Z list
2026-02-08T02:23:16Z done
2026-02-08T02:23:16Z done
2026-02-08T02:23:16Z done
2026-02-08T02:23:16Z done
2026-02-08T02:23:16Z done
2026-02-08T02:23:16Z done
2026-02-08T02:25:32Z done
2026-02-08T02:25:37Z list
2026-02-08T02:25:37Z list
2026-02-08T02:45:36Z add
2026-02-08T02:45:36Z add
2026-02-08T02:45:36Z add
2026-02-08T02:45:36Z add
2026-02-08T02:45:36Z add
2026-02-08T02:45:36Z add
2026-02-08T02:45:36Z add
2026-02-08T02:45:36Z add
2026-02-08T02:45:39Z claim
2026-02-08T02:45:39Z claim
2026-02-08T02:45:39Z claim
2026-02-08T02:45:39Z claim
2026-02-08T02:45:39Z claim
2026-02-08T02:45:39Z claim
2026-02-08T02:45:39Z claim
2026-02-08T02:45:39Z claim
2026-02-08T03:01:21Z done
2026-02-08T03:01:21Z done
2026-02-08T03:01:21Z done
2026-02-08T03:01:21Z done
2026-02-08T03:01:21Z done
2026-02-08T03:01:21Z done
2026-02-08T03:01:21Z done
2026-02-08T03:01:21Z done
2026-02-08T03:23:30Z graph
2026-02-08T03:24:52Z viz
2026-02-08T03:25:15Z viz
2026-02-08T03:26:10Z viz
2026-02-08T03:26:18Z viz
2026-02-08T03:26:24Z viz
2026-02-08T04:13:54Z list
2026-02-08T04:53:12Z list
2026-02-08T04:53:35Z list
2026-02-08T04:54:03Z quickstart
2026-02-08T04:54:05Z list
2026-02-08T04:54:10Z list
2026-02-08T04:54:11Z ready
2026-02-08T04:54:12Z list
2026-02-08T04:54:16Z show
2026-02-08T04:54:19Z show
2026-02-08T04:54:19Z show
2026-02-08T04:54:37Z list
2026-02-08T04:54:44Z show
2026-02-08T04:54:44Z show
2026-02-08T04:54:45Z show
2026-02-08T04:54:46Z show
2026-02-08T04:54:47Z show
2026-02-08T04:54:48Z show
2026-02-08T04:54:49Z show
2026-02-08T04:54:50Z show
2026-02-08T04:54:51Z show
2026-02-08T04:54:52Z show
2026-02-08T04:54:56Z show
2026-02-08T04:54:58Z show
2026-02-08T04:54:58Z show
2026-02-08T04:54:59Z show
2026-02-08T04:55:00Z show
2026-02-08T04:55:00Z show
2026-02-08T04:55:01Z show
2026-02-08T04:55:02Z show
2026-02-08T04:55:02Z show
2026-02-08T04:55:03Z show
2026-02-08T04:55:06Z show
2026-02-08T04:55:07Z show
2026-02-08T04:55:08Z show
2026-02-08T04:55:08Z show
2026-02-08T04:55:09Z show
2026-02-08T04:55:10Z show
2026-02-08T04:55:11Z show
2026-02-08T04:55:12Z show
2026-02-08T04:55:12Z show
2026-02-08T04:55:13Z show
2026-02-08T04:55:18Z show
2026-02-08T04:55:18Z show
2026-02-08T04:55:19Z show
2026-02-08T04:55:20Z show
2026-02-08T04:55:21Z show
2026-02-08T04:55:22Z show
2026-02-08T04:55:23Z show
2026-02-08T04:55:24Z show
2026-02-08T04:55:24Z show
2026-02-08T04:55:25Z show
2026-02-08T04:55:32Z show
2026-02-08T04:55:32Z show
2026-02-08T04:55:32Z show
2026-02-08T04:55:33Z show
2026-02-08T04:55:34Z show
2026-02-08T04:55:35Z show
2026-02-08T04:55:36Z show
2026-02-08T04:55:37Z show
2026-02-08T04:55:39Z show
2026-02-08T04:55:40Z show
2026-02-08T04:55:44Z show
2026-02-08T04:55:45Z show
2026-02-08T04:55:46Z show
2026-02-08T04:55:46Z show
2026-02-08T04:55:47Z show
2026-02-08T04:55:48Z show
2026-02-08T04:55:49Z show
2026-02-08T04:55:50Z show
2026-02-08T04:55:51Z show
2026-02-08T04:55:52Z show
2026-02-08T04:55:56Z show
2026-02-08T04:55:57Z show
2026-02-08T04:55:58Z show
2026-02-08T04:55:58Z show
2026-02-08T04:55:59Z show
2026-02-08T04:56:00Z show
2026-02-08T04:56:01Z show
2026-02-08T04:56:02Z show
2026-02-08T04:56:04Z show
2026-02-08T04:56:05Z show
2026-02-08T04:56:09Z show
2026-02-08T04:56:10Z show
2026-02-08T04:56:10Z show
2026-02-08T04:56:12Z show
2026-02-08T04:56:13Z show
2026-02-08T04:56:16Z show
2026-02-08T04:56:17Z show
2026-02-08T04:56:18Z show
2026-02-08T04:56:19Z show
2026-02-08T04:56:20Z show
2026-02-08T04:56:24Z show
2026-02-08T04:56:25Z show
2026-02-08T04:56:26Z show
2026-02-08T04:56:27Z show
2026-02-08T04:56:27Z show
2026-02-08T04:56:28Z show
2026-02-08T04:56:29Z show
2026-02-08T04:56:30Z show
2026-02-08T04:56:31Z show
2026-02-08T04:56:32Z show
2026-02-08T04:56:35Z show
2026-02-08T04:56:36Z show
2026-02-08T04:56:37Z show
2026-02-08T04:56:37Z show
2026-02-08T04:56:38Z show
2026-02-08T04:56:39Z show
2026-02-08T04:56:40Z show
2026-02-08T04:56:41Z show
2026-02-08T04:56:41Z show
2026-02-08T04:56:42Z show
2026-02-08T04:56:46Z show
2026-02-08T04:56:46Z show
2026-02-08T04:56:48Z show
2026-02-08T04:56:49Z show
2026-02-08T04:56:50Z show
2026-02-08T04:56:51Z show
2026-02-08T04:56:51Z show
2026-02-08T04:56:52Z show
2026-02-08T04:56:52Z show
2026-02-08T04:56:53Z show
2026-02-08T04:56:57Z show
2026-02-08T04:56:58Z show
2026-02-08T04:57:00Z show
2026-02-08T04:57:02Z show
2026-02-08T04:57:03Z show
2026-02-08T04:57:03Z show
2026-02-08T04:57:04Z show
2026-02-08T04:57:05Z show
2026-02-08T04:57:06Z show
2026-02-08T04:58:20Z list
2026-02-08T05:00:30Z done
2026-02-08T05:00:30Z done
2026-02-08T05:00:30Z done
2026-02-08T05:00:30Z done
2026-02-08T05:00:30Z done
2026-02-08T05:00:30Z done
2026-02-08T05:00:30Z done
2026-02-08T05:00:30Z done
2026-02-08T05:00:30Z done
2026-02-08T05:00:30Z done
2026-02-08T05:00:30Z done
2026-02-08T05:00:30Z done
2026-02-08T05:00:30Z done
2026-02-08T05:00:30Z done
2026-02-08T05:00:30Z done
2026-02-08T05:00:30Z done
2026-02-08T05:00:30Z done
2026-02-08T05:00:30Z done
2026-02-08T05:00:30Z done
2026-02-08T05:00:30Z done
2026-02-08T05:00:30Z done
2026-02-08T05:00:30Z done
2026-02-08T05:00:30Z done
2026-02-08T05:00:30Z done
2026-02-08T05:00:30Z done
2026-02-08T05:00:30Z done
2026-02-08T05:00:30Z done
2026-02-08T05:00:30Z done
2026-02-08T05:00:30Z done
2026-02-08T05:00:30Z done
2026-02-08T05:00:30Z done
2026-02-08T05:00:30Z done
2026-02-08T05:00:30Z done
2026-02-08T05:00:30Z done
2026-02-08T05:00:30Z done
2026-02-08T05:00:30Z done
2026-02-08T05:00:30Z done
2026-02-08T05:00:30Z done
2026-02-08T05:00:30Z done
2026-02-08T05:00:30Z done
2026-02-08T05:00:30Z done
2026-02-08T05:00:30Z done
2026-02-08T05:00:30Z done
2026-02-08T05:00:30Z done
2026-02-08T05:00:30Z done
2026-02-08T05:00:30Z done
2026-02-08T05:00:30Z done
2026-02-08T05:00:30Z done
2026-02-08T05:00:30Z done
2026-02-08T05:00:30Z done
2026-02-08T05:00:30Z done
2026-02-08T05:00:30Z done
2026-02-08T05:00:30Z done
2026-02-08T05:00:30Z done
2026-02-08T05:00:30Z done
2026-02-08T05:00:30Z done
2026-02-08T05:00:30Z done
2026-02-08T05:00:30Z done
2026-02-08T05:00:30Z done
2026-02-08T05:00:30Z done
2026-02-08T05:00:30Z done
2026-02-08T05:00:30Z done
2026-02-08T05:00:30Z done
2026-02-08T05:00:30Z done
2026-02-08T05:00:30Z done
2026-02-08T05:00:30Z done
2026-02-08T05:00:30Z done
2026-02-08T05:00:30Z done
2026-02-08T05:00:30Z done
2026-02-08T05:00:30Z done
2026-02-08T05:00:30Z done
2026-02-08T05:00:30Z done
2026-02-08T05:00:30Z done
2026-02-08T05:00:36Z done
2026-02-08T05:00:38Z ready
2026-02-08T05:02:05Z list
2026-02-08T05:02:46Z show
2026-02-08T05:02:46Z show
2026-02-08T05:02:46Z show
2026-02-08T05:02:46Z show
2026-02-08T05:02:46Z show
2026-02-08T05:02:46Z show
2026-02-08T05:02:46Z show
2026-02-08T05:02:46Z show
2026-02-08T05:02:46Z show
2026-02-08T05:02:46Z show
2026-02-08T05:02:46Z show
2026-02-08T05:02:46Z show
2026-02-08T05:02:55Z claim
2026-02-08T05:02:55Z claim
2026-02-08T05:02:55Z claim
2026-02-08T05:02:55Z claim
2026-02-08T05:02:55Z claim
2026-02-08T05:02:55Z claim
2026-02-08T05:02:55Z claim
2026-02-08T05:02:55Z claim
2026-02-08T05:02:55Z claim
2026-02-08T05:02:55Z claim
2026-02-08T05:02:55Z claim
2026-02-08T05:02:55Z claim
2026-02-08T05:14:44Z status
2026-02-08T05:14:53Z list
2026-02-08T05:14:58Z done
2026-02-08T05:14:58Z done
2026-02-08T05:14:58Z done
2026-02-08T05:14:58Z done
2026-02-08T05:14:58Z done
2026-02-08T05:14:58Z done
2026-02-08T05:14:58Z done
2026-02-08T05:14:58Z done
2026-02-08T05:14:58Z done
2026-02-08T05:14:58Z done
2026-02-08T05:14:58Z done
2026-02-08T05:14:58Z done
2026-02-08T05:15:01Z status
2026-02-08T05:15:03Z list
2026-02-08T05:15:05Z list
2026-02-08T05:15:07Z list
2026-02-08T05:15:21Z next
2026-02-08T05:15:26Z actor
2026-02-08T05:15:28Z list
2026-02-08T05:15:28Z show
2026-02-08T05:15:39Z show
2026-02-08T05:15:39Z show
2026-02-08T05:15:39Z show
2026-02-08T05:15:39Z show
2026-02-08T05:15:39Z show
2026-02-08T05:15:39Z show
2026-02-08T05:15:39Z show
2026-02-08T05:15:39Z show
2026-02-08T05:15:39Z show
2026-02-08T05:15:39Z show
2026-02-08T05:15:39Z show
2026-02-08T05:15:39Z show
2026-02-08T05:15:39Z show
2026-02-08T05:15:39Z show
2026-02-08T05:15:39Z show
2026-02-08T05:15:39Z show
2026-02-08T05:15:39Z show
2026-02-08T05:15:39Z show
2026-02-08T05:15:39Z show
2026-02-08T05:15:39Z show
2026-02-08T05:15:39Z show
2026-02-08T05:15:39Z show
2026-02-08T05:15:39Z show
2026-02-08T05:15:39Z show
2026-02-08T05:15:39Z show
2026-02-08T05:15:39Z show
2026-02-08T05:15:39Z show
2026-02-08T05:15:39Z show
2026-02-08T05:15:39Z show
2026-02-08T05:15:39Z show
2026-02-08T05:15:39Z show
2026-02-08T05:15:39Z show
2026-02-08T05:15:39Z show
2026-02-08T05:15:46Z show
2026-02-08T05:15:46Z show
2026-02-08T05:15:46Z show
2026-02-08T05:15:46Z show
2026-02-08T05:15:46Z show
2026-02-08T05:15:46Z show
2026-02-08T05:15:46Z show
2026-02-08T05:15:46Z show
2026-02-08T05:15:46Z show
2026-02-08T05:15:46Z show
2026-02-08T05:15:46Z show
2026-02-08T05:15:46Z show
2026-02-08T05:15:46Z show
2026-02-08T05:15:46Z show
2026-02-08T05:15:46Z show
2026-02-08T05:15:46Z show
2026-02-08T05:15:46Z show
2026-02-08T05:15:46Z show
2026-02-08T05:15:46Z show
2026-02-08T05:15:46Z show
2026-02-08T05:15:46Z show
2026-02-08T05:15:46Z show
2026-02-08T05:15:46Z show
2026-02-08T05:15:46Z show
2026-02-08T05:15:46Z show
2026-02-08T05:15:46Z show
2026-02-08T05:15:46Z show
2026-02-08T05:15:46Z show
2026-02-08T05:15:46Z show
2026-02-08T05:15:46Z show
2026-02-08T05:15:46Z show
2026-02-08T05:15:46Z show
2026-02-08T05:15:46Z show
2026-02-08T05:15:51Z show
2026-02-08T05:15:51Z show
2026-02-08T05:15:51Z show
2026-02-08T05:15:51Z show
2026-02-08T05:15:51Z show
2026-02-08T05:15:51Z show
2026-02-08T05:15:51Z show
2026-02-08T05:15:51Z show
2026-02-08T05:15:58Z claim
2026-02-08T05:15:58Z claim
2026-02-08T05:15:58Z claim
2026-02-08T05:15:58Z claim
2026-02-08T05:15:58Z claim
2026-02-08T05:15:58Z claim
2026-02-08T05:15:58Z claim
2026-02-08T05:15:58Z claim
2026-02-08T05:20:02Z done
2026-02-08T05:20:09Z done
2026-02-08T05:20:23Z done
2026-02-08T05:20:56Z done
2026-02-08T05:21:15Z done
2026-02-08T05:21:22Z done
2026-02-08T05:21:31Z done
2026-02-08T05:21:56Z done
2026-02-08T05:29:31Z list
2026-02-08T05:29:45Z status
2026-02-08T05:29:53Z show
2026-02-08T05:29:53Z show
2026-02-08T05:29:53Z show
2026-02-08T05:29:53Z show
2026-02-08T05:29:53Z show
2026-02-08T05:29:53Z show
2026-02-08T05:29:53Z show
2026-02-08T05:29:53Z show
2026-02-08T05:29:53Z show
2026-02-08T05:29:53Z show
2026-02-08T05:29:53Z show
2026-02-08T05:29:53Z show
2026-02-08T05:29:53Z show
2026-02-08T05:29:53Z show
2026-02-08T05:29:53Z show
2026-02-08T05:29:53Z show
2026-02-08T05:29:53Z show
2026-02-08T05:29:53Z show
2026-02-08T05:29:53Z show
2026-02-08T05:29:53Z show
2026-02-08T05:29:53Z show
2026-02-08T05:29:53Z show
2026-02-08T05:29:53Z show
2026-02-08T05:29:53Z show
2026-02-08T05:29:53Z show
2026-02-08T05:29:53Z show
2026-02-08T05:30:00Z show
2026-02-08T05:30:00Z show
2026-02-08T05:30:00Z show
2026-02-08T05:30:00Z show
2026-02-08T05:30:00Z show
2026-02-08T05:30:00Z show
2026-02-08T05:30:00Z show
2026-02-08T05:30:00Z show
2026-02-08T05:30:04Z claim
2026-02-08T05:30:04Z claim
2026-02-08T05:30:04Z claim
2026-02-08T05:30:04Z claim
2026-02-08T05:30:04Z claim
2026-02-08T05:30:04Z claim
2026-02-08T05:30:04Z claim
2026-02-08T05:30:04Z claim
2026-02-08T05:33:20Z done
2026-02-08T05:33:28Z done
2026-02-08T05:33:39Z list
2026-02-08T05:34:03Z done
2026-02-08T05:34:40Z done
2026-02-08T05:34:47Z done
2026-02-08T05:34:54Z done
2026-02-08T05:35:28Z done
2026-02-08T05:36:09Z done
2026-02-08T05:36:19Z status
2026-02-08T05:36:50Z list
2026-02-08T05:37:08Z show
2026-02-08T05:37:08Z show
2026-02-08T05:37:08Z show
2026-02-08T05:37:08Z show
2026-02-08T05:37:08Z show
2026-02-08T05:37:08Z show
2026-02-08T05:37:08Z show
2026-02-08T05:37:08Z show
2026-02-08T05:37:08Z show
2026-02-08T05:37:08Z show
2026-02-08T05:37:08Z show
2026-02-08T05:37:08Z show
2026-02-08T05:37:08Z show
2026-02-08T05:37:08Z show
2026-02-08T05:37:08Z show
2026-02-08T05:37:08Z show
2026-02-08T05:37:08Z show
2026-02-08T05:37:08Z show
2026-02-08T05:37:08Z show
2026-02-08T05:37:08Z show
2026-02-08T05:37:08Z show
2026-02-08T05:37:08Z show
2026-02-08T05:37:08Z show
2026-02-08T05:37:08Z show
2026-02-08T05:37:08Z show
2026-02-08T05:37:08Z show
2026-02-08T05:37:08Z show
2026-02-08T05:37:13Z show
2026-02-08T05:37:13Z show
2026-02-08T05:37:13Z show
2026-02-08T05:37:13Z show
2026-02-08T05:37:13Z show
2026-02-08T05:37:13Z show
2026-02-08T05:37:13Z show
2026-02-08T05:37:13Z show
2026-02-08T05:37:13Z show
2026-02-08T05:37:13Z show
2026-02-08T05:37:18Z claim
2026-02-08T05:37:18Z claim
2026-02-08T05:37:18Z claim
2026-02-08T05:37:18Z claim
2026-02-08T05:37:18Z claim
2026-02-08T05:37:18Z claim
2026-02-08T05:37:18Z claim
2026-02-08T05:37:18Z claim
2026-02-08T05:37:18Z claim
2026-02-08T05:37:18Z claim
2026-02-08T05:40:35Z done
2026-02-08T05:40:41Z done
2026-02-08T05:40:59Z done
2026-02-08T05:41:05Z done
2026-02-08T05:41:44Z done
2026-02-08T05:42:12Z done
2026-02-08T05:44:27Z status
2026-02-08T05:44:32Z list
2026-02-08T05:44:33Z list
2026-02-08T05:44:35Z list
2026-02-08T05:44:39Z list
2026-02-08T05:44:47Z done
2026-02-08T05:47:23Z done
2026-02-08T05:47:23Z done
2026-02-08T05:47:23Z done
2026-02-08T05:49:52Z list
2026-02-08T05:50:54Z status
2026-02-08T05:51:01Z list
2026-02-08T05:51:04Z show
2026-02-08T05:51:04Z show
2026-02-08T05:51:04Z show
2026-02-08T05:51:04Z show
2026-02-08T05:51:04Z show
2026-02-08T05:51:04Z show
2026-02-08T05:51:04Z show
2026-02-08T05:51:09Z show
2026-02-08T05:51:09Z show
2026-02-08T05:51:09Z show
2026-02-08T05:51:09Z show
2026-02-08T05:51:09Z show
2026-02-08T05:51:09Z show
2026-02-08T05:51:09Z show
2026-02-08T05:51:13Z show
2026-02-08T05:51:13Z show
2026-02-08T05:51:13Z show
2026-02-08T05:51:13Z show
2026-02-08T05:51:13Z show
2026-02-08T05:51:13Z show
2026-02-08T05:51:13Z show
2026-02-08T05:51:27Z claim
2026-02-08T05:51:27Z claim
2026-02-08T05:51:27Z claim
2026-02-08T05:51:27Z claim
2026-02-08T05:51:27Z claim
2026-02-08T05:51:27Z claim
2026-02-08T06:02:41Z status
2026-02-08T06:02:43Z list
2026-02-08T06:02:45Z list
2026-02-08T06:02:48Z show
2026-02-08T06:02:48Z show
2026-02-08T06:02:48Z show
2026-02-08T06:02:48Z show
2026-02-08T06:02:48Z show
2026-02-08T06:02:48Z show
2026-02-08T06:05:21Z done
2026-02-08T14:22:13Z quickstart
2026-02-08T14:22:40Z show
2026-02-08T14:22:55Z quickstart
2026-02-08T14:23:05Z list
2026-02-08T14:23:08Z show
2026-02-08T14:23:09Z show
2026-02-08T14:24:16Z done
2026-02-08T14:24:45Z done
2026-02-08T14:26:06Z done
2026-02-08T14:26:09Z show
2026-02-08T14:26:46Z list
2026-02-08T14:27:40Z done
2026-02-08T14:28:02Z done
2026-02-08T14:28:38Z done
2026-02-08T14:29:15Z status
2026-02-08T14:29:20Z list
2026-02-08T14:29:23Z list
2026-02-08T14:29:27Z list
2026-02-08T14:35:54Z show
2026-02-08T14:36:32Z quickstart
2026-02-08T14:36:50Z list
2026-02-08T14:36:55Z list
2026-02-08T14:37:16Z claim
2026-02-08T14:43:16Z done
2026-02-08T14:43:59Z status
2026-02-08T16:55:37Z status
